// Jest Snapshot v1, https://goo.gl/fbAQLP

exports[`Test for Edit Recipe Modal should render correctly 1`] = `
<Modal
  autoFocus={true}
  backdrop={true}
  backdropTransition={
    Object {
      "mountOnEnter": true,
      "timeout": 150,
    }
  }
  fade={true}
  isOpen={false}
  keyboard={true}
  modalTransition={
    Object {
      "timeout": 300,
    }
  }
  onClosed={[Function]}
  onOpened={[Function]}
  role="dialog"
  toggle={[MockFunction]}
  zIndex={1050}
>
  <ModalHeader
    closeAriaLabel="Close"
    tag="h4"
    toggle={[MockFunction]}
    wrapTag="div"
  >
    Edit A recipe
  </ModalHeader>
  <ModalBody
    tag="div"
  >
    <Form
      tag="form"
    >
      <FormGroup
        row={true}
        tag="div"
      >
        <Label
          for="exampleEmail"
          sm={3}
          tag="label"
          widths={
            Array [
              "xs",
              "sm",
              "md",
              "lg",
              "xl",
            ]
          }
        >
          Name
        </Label>
        <Col
          sm={9}
          tag="div"
          widths={
            Array [
              "xs",
              "sm",
              "md",
              "lg",
              "xl",
            ]
          }
        >
          <Input
            className="out"
            id="exampleEmail"
            name="name"
            onChange={[Function]}
            placeholder="Enter the name"
            tag="p"
            type="text"
          />
        </Col>
      </FormGroup>
      <FormGroup
        row={true}
        tag="div"
      >
        <Label
          for="exampleEmail"
          sm={3}
          tag="label"
          widths={
            Array [
              "xs",
              "sm",
              "md",
              "lg",
              "xl",
            ]
          }
        >
          Ingredients
        </Label>
        <Col
          sm={9}
          tag="div"
          widths={
            Array [
              "xs",
              "sm",
              "md",
              "lg",
              "xl",
            ]
          }
        >
          <Input
            id="exampleEmail"
            name="ingredients"
            onChange={[Function]}
            placeholder="Enter the Ingredients"
            style={
              Object {
                "height": 150,
              }
            }
            tag="p"
            type="textarea"
          />
          <small
            className="text-center"
            style={
              Object {
                "color": "red",
              }
            }
          >
             Enter the description seperated by commas(,)
          </small>
        </Col>
      </FormGroup>
      <FormGroup
        row={true}
        tag="div"
      >
        <Label
          for="exampleEmail"
          sm={3}
          tag="label"
          widths={
            Array [
              "xs",
              "sm",
              "md",
              "lg",
              "xl",
            ]
          }
        >
          method
        </Label>
        <Col
          sm={9}
          tag="div"
          widths={
            Array [
              "xs",
              "sm",
              "md",
              "lg",
              "xl",
            ]
          }
        >
          <Input
            id="exampleEmail"
            name="method"
            onChange={[Function]}
            placeholder="Enter the description"
            style={
              Object {
                "height": 150,
              }
            }
            tag="p"
            type="textarea"
          />
          <small
            className="text-center"
            style={
              Object {
                "color": "red",
              }
            }
          >
             Enter the description seperated by full-stop(.)
          </small>
        </Col>
      </FormGroup>
      <FormGroup
        row={true}
        tag="div"
      >
        <Label
          for="exampleFile"
          sm={3}
          tag="label"
          widths={
            Array [
              "xs",
              "sm",
              "md",
              "lg",
              "xl",
            ]
          }
        >
          File
        </Label>
        <Col
          sm={9}
          tag="div"
          widths={
            Array [
              "xs",
              "sm",
              "md",
              "lg",
              "xl",
            ]
          }
        >
          <Input
            accept="image/*"
            id="exampleFile"
            name="file"
            onChange={[Function]}
            tag="p"
            type="file"
          />
          <h6 />
          <FormText
            color="muted"
            tag="small"
          />
        </Col>
      </FormGroup>
      <FormGroup
        check={true}
        row={true}
        tag="div"
      >
        <Col
          sm={
            Object {
              "offset": 2,
              "size": 10,
            }
          }
          tag="div"
          widths={
            Array [
              "xs",
              "sm",
              "md",
              "lg",
              "xl",
            ]
          }
        >
          <Button
            className="edit-button-recipe"
            color="secondary"
            disabled={false}
            onClick={[Function]}
            style={
              Object {
                "backgroundColor": "#A43741",
                "float": "right",
              }
            }
            tag="button"
          >
            Edit a recipe
          </Button>
        </Col>
      </FormGroup>
    </Form>
  </ModalBody>
</Modal>
`;
