// Jest Snapshot v1, https://goo.gl/fbAQLP

exports[`HomePage Component should render correctly 1`] = `
<div>
  <Connect(NavigationBar) />
  <header
    id="home-section"
  >
    <div
      className="dark-overlay"
    >
      <div
        className="home-inner"
      >
        <div
          className="container"
        >
          <div
            className="row"
          >
            <div
              className="col-lg-8 d-none d-lg-block"
            >
              <h1
                className="display-4"
                style={
                  Object {
                    "color": "fff",
                  }
                }
              >
                Let the  world know about your 
                <strong>
                  Recipe
                </strong>
                 in three easy steps:
              </h1>
              <div
                className="d-flex flex-row"
              >
                <div
                  className="p-4 align-self-start"
                >
                  <i
                    className="fa fa-check back"
                  />
                </div>
                <div
                  className="p-4 align-self-end "
                  id="create-an-account"
                >
                  Create an account
                </div>
              </div>
              <div
                className="d-flex flex-row"
              >
                <div
                  className="p-4 align-self-start"
                >
                  <i
                    className="fa fa-check back"
                  />
                </div>
                <div
                  className="p-4 align-self-end "
                >
                  Add A Recipe
                </div>
              </div>
              <div
                className="d-flex flex-row"
              >
                <div
                  className="p-4 align-self-start"
                >
                  <i
                    className="fa fa-check back"
                  />
                </div>
                <div
                  className="p-4 align-self-end"
                >
                  Relax, and let the world view your wonderful recipe
                </div>
              </div>
            </div>
            <div
              className="col-lg-4"
            >
              <div
                className="card bg-danger text-center card-form"
              >
                <div
                  className="card-body"
                >
                  <h3
                    id="Sign-Up-Today"
                  >
                    Sign Up Today
                  </h3>
                  <p>
                    Please fill this form to register
                  </p>
                  <SignUpForm
                    userSignupRequest={[MockFunction]}
                  />
                </div>
              </div>
            </div>
          </div>
        </div>
      </div>
    </div>
  </header>
  <section
    className="bg-light text-muted "
    id="explore-head-section"
  >
    <div
      className="container"
    >
      <div
        className="row"
      >
        <div
          className="col text-center"
        >
          <div
            className="p-5"
          >
            <h1
              className="display-5 text-dark"
            >
              Search 
            </h1>
            <p
              className="lead text-dark"
            >
              Search for amazing recipes available
            </p>
            <Link
              className="btn btn-outline-secondary dep"
              replace={false}
              to="/search"
            >
              Find More Recipes
            </Link>
          </div>
        </div>
      </div>
    </div>
  </section>
  <section
    id=""
  >
    <div
      className="conatiner text-center"
    >
      <h1
        className="pt-3 mb-5"
        id="most-favorited-recipes"
      >
        Most Favorited Recipes
      </h1>
      <div
        className="row ml-3 mr-3"
      >
        <h4
          className="mt-5 text-center no-recipes mb-5"
        >
           No recipes yet 
        </h4>
      </div>
    </div>
  </section>
  <Footer />
</div>
`;
