// Jest Snapshot v1, https://goo.gl/fbAQLP

exports[`Login Page should render correctly 1`] = `
<div
  className="home-inner"
>
  <div
    className="container"
  >
    <div
      className="row justify-content-center"
    >
      <div
        className="col-lg-6"
      >
        <div
          className="card bg-white text-center card-form"
        >
          <div
            className="card-body"
          >
            <h3>
              Sign In
            </h3>
            <p>
              Welcome to More-Recipes, Please log in
            </p>
            <Connect(LoginForm)
              login={[Function]}
            />
          </div>
        </div>
      </div>
    </div>
  </div>
</div>
`;
