// Jest Snapshot v1, https://goo.gl/fbAQLP

exports[`Login Form Component should render correctly 1`] = `
<div>
  <form
    onSubmit={[Function]}
  >
    <TextFieldGroup
      autofocus={true}
      error=""
      field="identifier"
      onChange={[Function]}
      placeholder="enter your username or email"
      required={true}
      type="text"
      value=""
    />
    <TextFieldGroup
      error=""
      field="password"
      onChange={[Function]}
      placeholder="password"
      type="password"
      value=""
    />
    <input
      className="btn btn-outline-danger btn-block text-dark login-submit"
      disabled={false}
      type="submit"
      value="Submit"
    />
    <div>
      <Link
        className="forgot mt-5"
        replace={false}
        to="/reset_password"
      >
        Forgot Password?
      </Link>
      <br />
      <Link
        className="mt-5"
        replace={false}
        to="/"
      >
        Sign Up
      </Link>
    </div>
  </form>
</div>
`;
