// Jest Snapshot v1, https://goo.gl/fbAQLP

exports[`Test For change Password Form should render correctly 1`] = `
<div>
  <Connect(NavigationBar) />
  <div
    className="container"
  >
    <div
      className="row mt-5 ml-5"
    >
      <div
        className="card "
        style={
          Object {
            "borderColor": "#ec7026",
            "marginLeft": 130,
            "width": 700,
          }
        }
      >
        <div
          className="card-body"
        >
          <h4
            className=" text-center mr-5 mb-5 "
          >
            Change your password
          </h4>
          <form
            className="form-group"
          >
            <div
              className="form-group"
            >
              <div>
                <input
                  className="p-1 out password"
                  name="password"
                  onChange={[Function]}
                  placeholder="password"
                  style={
                    Object {
                      "borderColor": "#ff4500",
                      "borderRadius": "10px",
                      "marginLeft": 130,
                      "width": 400,
                    }
                  }
                  type="password"
                  value=""
                />
              </div>
            </div>
            <div
              className="form-group"
            >
              <div>
                <input
                  className="p-1 out"
                  name="passwordConfirmation"
                  onChange={[Function]}
                  placeholder="Confirm password"
                  style={
                    Object {
                      "borderColor": "#ff4500",
                      "borderRadius": "15px",
                      "marginLeft": 130,
                      "width": 400,
                    }
                  }
                  type="password"
                  value=""
                />
              </div>
            </div>
            <button
              className="btn btn-outline-primary pr-3 pl-3 password-color"
              onClick={[Function]}
              style={
                Object {
                  "backgroundColor": "#ec7026",
                  "borderRadius": 100,
                  "color": "black",
                  "marginLeft": 250,
                }
              }
              type="button"
            >
               Change Password
            </button>
          </form>
        </div>
      </div>
    </div>
  </div>
</div>
`;
