// Jest Snapshot v1, https://goo.gl/fbAQLP

exports[`User Profile Component should render correctly 1`] = `
<div>
  <Connect(NavigationBar) />
  <div
    className="profile-header"
  >
    <div
      className="dark"
    >
      <div
        className="container "
      >
        <div
          className="row profile-page"
        >
          <div
            className="col-md-5 col-sm-12 col-xs-12 mobile"
          >
            <div
              className="profile-sidebar"
            >
              <div
                className="profile-user-pic"
              >
                <img
                  alt=""
                  className="img-fluid img-circle mx-auto d-block"
                  src="/food1.jpg"
                />
              </div>
              <div
                className="profile-user-title"
              >
                <div
                  className="profile-user-name"
                >
                  charles
                </div>
                <div
                  className="profile-user-job"
                >
                  charles@example.com
                </div>
              </div>
              <div
                className="profile-user-menu"
              >
                <ul
                  className="list-group"
                >
                  <li
                    className=" list-group-item activ change"
                  >
                    <a
                      href=""
                    >
                      <i
                        aria-hidden="true"
                        className="fa fa-home"
                      />
                      Overview
                    </a>
                  </li>
                  <li
                    className="list-group-item change"
                  >
                    <Link
                      className="change-password-link"
                      replace={false}
                      to="/change-password"
                    >
                      <i
                        aria-hidden="true"
                        className="fa fa-key"
                      >
                        Change Password
                      </i>
                    </Link>
                  </li>
                </ul>
              </div>
            </div>
          </div>
          <div
            className="col-md-7 col-sm-12 col-xs-12 mobile"
          >
            <div
              className="card card-mix"
            >
              <div
                className="card-body"
              >
                <table
                  className="table table-borderless mt-3"
                >
                  <tbody>
                    <tr>
                      <td
                        className="text-dark"
                      >
                        <b>
                           Username
                        </b>
                      </td>
                      <td
                        className="text-dark"
                      >
                        charles
                      </td>
                    </tr>
                    <tr>
                      <td
                        className="text-dark"
                      >
                        <b>
                          Email
                        </b>
                      </td>
                      <td
                        className="text-dark"
                      >
                        charles@example.com
                      </td>
                    </tr>
                  </tbody>
                </table>
              </div>
            </div>
          </div>
        </div>
      </div>
    </div>
  </div>
</div>
`;
