// Jest Snapshot v1, https://goo.gl/fbAQLP

exports[`Add Review Form Component should render correctly 1`] = `
<div>
  <div
    className="col-sm-12 pt-5 pb-5"
  >
    <div
      className="add-review"
    >
      <h2
        className="mb-3"
      >
        Add A Review
      </h2>
      <form
        id="add-review-section"
        onSubmit={[Function]}
      >
        <div
          className="form-group"
        >
          <textarea
            className="form-control"
            id="exampleFormControlTextarea1"
            name="data"
            onChange={[Function]}
            placeholder="Write A Review..."
            rows="3"
            value=""
          />
        </div>
        <button
          className="btn btn-outline-light pull-right bg-danger btn-lg add-review-btn"
          type="submit"
        >
          POST
        </button>
      </form>
    </div>
  </div>
</div>
`;
