// Jest Snapshot v1, https://goo.gl/fbAQLP

exports[`Test For Routes should test for routes 1`] = `
<Router
  history={
    Object {
      "action": "POP",
      "block": [Function],
      "createHref": [Function],
      "go": [Function],
      "goBack": [Function],
      "goForward": [Function],
      "length": 1,
      "listen": [Function],
      "location": Object {
        "hash": "",
        "pathname": "blank",
        "search": "",
        "state": undefined,
      },
      "push": [Function],
      "replace": [Function],
    }
  }
>
  <Switch>
    <Route
      component={[Function]}
      exact={true}
      path="/"
    />
    <Route
      component={[Function]}
      path="/signin"
    />
    <Route
      component={[Function]}
      path="/recipes"
    />
    <Route
      component={[Function]}
      path="/detail/:recipeId"
    />
    <Route
      component={[Function]}
      path="/favorites"
    />
    <Route
      component={[Function]}
      path="/profile"
    />
    <Route
      component={[Function]}
      path="/search"
    />
    <Route
      component={[Function]}
      path="/all-recipes"
    />
    <Route
      component={[Function]}
      path="/reset_password/"
    />
    <Route
      component={[Function]}
      path="/auth/reset_password/:token"
    />
    <Route
      component={[Function]}
      path="/newLogin"
    />
    <Route
      component={[Function]}
      path="/change-password"
    />
    <Route
      component={[Function]}
      path="*"
    />
  </Switch>
</Router>
`;
