// Jest Snapshot v1, https://goo.gl/fbAQLP

exports[`Test For reset Password Form should render correctly 1`] = `
<div>
  <Connect(NavigationBar) />
  <div
    className="container"
  >
    <h1
      className="text-center top-margin text-danger"
    >
      Search New Awesome Recipes
    </h1>
    <form
      className="form-inline my-2 my-lg-0"
    >
      <input
        aria-label="Search"
        className="form-control mr-sm-2 search-input-bar"
        name="search"
        onChange={[Function]}
        placeholder="Search Recipe name or ingredients"
        type="text"
      />
    </form>
    <br />
    <br />
    <div
      className="row high"
    />
  </div>
  <Footer />
</div>
`;
