// Jest Snapshot v1, https://goo.gl/fbAQLP

exports[`Search bar should render correctly 1`] = `
<div>
  <form
    className=" my-2 my-lg-0"
  >
    <input
      aria-label="Search"
      className=" mr-sm-2 searchbars"
      id="search-bar"
      name="search"
      onChange={[Function]}
      onFocus={[Function]}
      placeholder="Search recipes...."
      style={
        Object {
          "width": 320,
        }
      }
      type="text"
      value=""
    />
  </form>
</div>
`;
