// Jest Snapshot v1, https://goo.gl/fbAQLP

exports[`SignUp Page should render correctly 1`] = `
<header
  id="home-section"
>
  <div
    className="dark-overlay"
  >
    <div
      className="home-inner"
    >
      <div
        className="container"
      >
        <div
          className="row justify-content-center"
        >
          <div
            className="col-lg-6"
          >
            <div
              className="card bg-white text-center card-form"
            >
              <div
                className="card-body"
              >
                <h3>
                  Sign Up
                </h3>
                <p>
                  Please fill this form to register
                </p>
                <SignUpForm
                  userSignupRequest={[MockFunction]}
                />
                <div
                  className="card-body "
                >
                  <p
                    className="card-text text-right text-dark"
                  >
                    Have an account?
                    <a
                      className="text-danger"
                      href="signin.html"
                    >
                      SIGN UP
                    </a>
                  </p>
                </div>
              </div>
            </div>
          </div>
        </div>
      </div>
    </div>
  </div>
</header>
`;
